// Jest Snapshot v1, https://goo.gl/fbAQLP

exports[`App component when home page is rendered should match home page snapshot 1`] = `ReactWrapper {}`;

exports[`App component when not found page is rendered should match not found page snapshot 1`] = `ReactWrapper {}`;
