// Jest Snapshot v1, https://goo.gl/fbAQLP

exports[`Input Component with props should match snapshot 1`] = `ShallowWrapper {}`;

exports[`Input Component without props should match snapshot 1`] = `ShallowWrapper {}`;
